---
source: tests/test.rs
expression: run_output

---
  (HOST) INFO  flashing program (30.22 KiB)
  (HOST) INFO  success!
────────────────────────────────────────────────────────────────────────────────
INFO:hello -- Hello, world!
────────────────────────────────────────────────────────────────────────────────
  (HOST) INFO  device halted without error

